[1.927s] Invoking command in '/home/zuiken/Documents/ROS2_Navigation2_test/ros2_ws/src/base_driver': DEBUGINFOD_URLS=https://debuginfod.ubuntu.com PYTHONPATH=/home/zuiken/Documents/ROS2_Navigation2_test/ros2_ws/src/build/base_driver/prefix_override:/usr/lib/python3/dist-packages/colcon_core/task/python/colcon_distutils_commands:/home/zuiken/Documents/ROS2_Navigation2_test/ros2_ws/src/install/base_driver/lib/python3.12/site-packages:${PYTHONPATH} /usr/bin/python3 -W ignore:setup.py install is deprecated -W ignore:easy_install command is deprecated setup.py egg_info --egg-base ../build/base_driver build --build-base /home/zuiken/Documents/ROS2_Navigation2_test/ros2_ws/src/build/base_driver/build install --record /home/zuiken/Documents/ROS2_Navigation2_test/ros2_ws/src/build/base_driver/install.log --single-version-externally-managed install_data
[2.524s] running egg_info
[2.575s] writing ../build/base_driver/base_driver.egg-info/PKG-INFO
[2.576s] writing dependency_links to ../build/base_driver/base_driver.egg-info/dependency_links.txt
[2.576s] writing entry points to ../build/base_driver/base_driver.egg-info/entry_points.txt
[2.576s] writing requirements to ../build/base_driver/base_driver.egg-info/requires.txt
[2.580s] writing top-level names to ../build/base_driver/base_driver.egg-info/top_level.txt
[2.688s] reading manifest file '../build/base_driver/base_driver.egg-info/SOURCES.txt'
[2.701s] writing manifest file '../build/base_driver/base_driver.egg-info/SOURCES.txt'
[2.750s] running build
[2.750s] running build_py
[2.750s] copying base_driver/driver.py -> /home/zuiken/Documents/ROS2_Navigation2_test/ros2_ws/src/build/base_driver/build/lib/base_driver
[2.753s] copying base_driver/web_dashboard.py -> /home/zuiken/Documents/ROS2_Navigation2_test/ros2_ws/src/build/base_driver/build/lib/base_driver
[2.753s] copying base_driver/encoder.py -> /home/zuiken/Documents/ROS2_Navigation2_test/ros2_ws/src/build/base_driver/build/lib/base_driver
[2.754s] running install
[2.763s] running install_lib
[2.811s] copying /home/zuiken/Documents/ROS2_Navigation2_test/ros2_ws/src/build/base_driver/build/lib/base_driver/driver.py -> /home/zuiken/Documents/ROS2_Navigation2_test/ros2_ws/src/install/base_driver/lib/python3.12/site-packages/base_driver
[2.811s] copying /home/zuiken/Documents/ROS2_Navigation2_test/ros2_ws/src/build/base_driver/build/lib/base_driver/web_dashboard.py -> /home/zuiken/Documents/ROS2_Navigation2_test/ros2_ws/src/install/base_driver/lib/python3.12/site-packages/base_driver
[2.811s] copying /home/zuiken/Documents/ROS2_Navigation2_test/ros2_ws/src/build/base_driver/build/lib/base_driver/encoder.py -> /home/zuiken/Documents/ROS2_Navigation2_test/ros2_ws/src/install/base_driver/lib/python3.12/site-packages/base_driver
[2.811s] byte-compiling /home/zuiken/Documents/ROS2_Navigation2_test/ros2_ws/src/install/base_driver/lib/python3.12/site-packages/base_driver/driver.py to driver.cpython-312.pyc
[2.814s] byte-compiling /home/zuiken/Documents/ROS2_Navigation2_test/ros2_ws/src/install/base_driver/lib/python3.12/site-packages/base_driver/web_dashboard.py to web_dashboard.cpython-312.pyc
[2.822s] byte-compiling /home/zuiken/Documents/ROS2_Navigation2_test/ros2_ws/src/install/base_driver/lib/python3.12/site-packages/base_driver/encoder.py to encoder.cpython-312.pyc
[2.825s] running install_data
[2.827s] copying package.xml -> /home/zuiken/Documents/ROS2_Navigation2_test/ros2_ws/src/install/base_driver/share/base_driver
[2.827s] copying urdf/robot.urdf.xml -> /home/zuiken/Documents/ROS2_Navigation2_test/ros2_ws/src/install/base_driver/share/base_driver/urdf
[2.827s] copying config/nav2_params.yaml -> /home/zuiken/Documents/ROS2_Navigation2_test/ros2_ws/src/install/base_driver/share/base_driver/config
[2.828s] copying config/rviz2_config.rviz -> /home/zuiken/Documents/ROS2_Navigation2_test/ros2_ws/src/install/base_driver/share/base_driver/config
[2.882s] copying config/joy.yaml -> /home/zuiken/Documents/ROS2_Navigation2_test/ros2_ws/src/install/base_driver/share/base_driver/config
[2.882s] copying map/empty_map.yaml -> /home/zuiken/Documents/ROS2_Navigation2_test/ros2_ws/src/install/base_driver/share/base_driver/map
[2.882s] copying map/make_map.py -> /home/zuiken/Documents/ROS2_Navigation2_test/ros2_ws/src/install/base_driver/share/base_driver/map
[2.883s] copying map/empty_map.pgm -> /home/zuiken/Documents/ROS2_Navigation2_test/ros2_ws/src/install/base_driver/share/base_driver/map
[2.884s] creating /home/zuiken/Documents/ROS2_Navigation2_test/ros2_ws/src/install/base_driver/share/base_driver/web
[2.885s] copying web/style.css -> /home/zuiken/Documents/ROS2_Navigation2_test/ros2_ws/src/install/base_driver/share/base_driver/web
[2.885s] copying web/index.html -> /home/zuiken/Documents/ROS2_Navigation2_test/ros2_ws/src/install/base_driver/share/base_driver/web
[2.885s] copying web/app.js -> /home/zuiken/Documents/ROS2_Navigation2_test/ros2_ws/src/install/base_driver/share/base_driver/web
[2.885s] copying launch/bringup.launch.py -> /home/zuiken/Documents/ROS2_Navigation2_test/ros2_ws/src/install/base_driver/share/base_driver/launch
[2.885s] copying launch/base_driver.launch.py -> /home/zuiken/Documents/ROS2_Navigation2_test/ros2_ws/src/install/base_driver/share/base_driver/launch
[2.886s] running install_egg_info
[2.934s] removing '/home/zuiken/Documents/ROS2_Navigation2_test/ros2_ws/src/install/base_driver/lib/python3.12/site-packages/base_driver-0.0.0-py3.12.egg-info' (and everything under it)
[2.936s] Copying ../build/base_driver/base_driver.egg-info to /home/zuiken/Documents/ROS2_Navigation2_test/ros2_ws/src/install/base_driver/lib/python3.12/site-packages/base_driver-0.0.0-py3.12.egg-info
[2.946s] running install_scripts
[3.310s] Installing base_driver script to /home/zuiken/Documents/ROS2_Navigation2_test/ros2_ws/src/install/base_driver/lib/base_driver
[3.310s] Installing encoder_odom script to /home/zuiken/Documents/ROS2_Navigation2_test/ros2_ws/src/install/base_driver/lib/base_driver
[3.313s] Installing static_tf_pub script to /home/zuiken/Documents/ROS2_Navigation2_test/ros2_ws/src/install/base_driver/lib/base_driver
[3.313s] Installing web_dashboard script to /home/zuiken/Documents/ROS2_Navigation2_test/ros2_ws/src/install/base_driver/lib/base_driver
[3.314s] writing list of installed files to '/home/zuiken/Documents/ROS2_Navigation2_test/ros2_ws/src/build/base_driver/install.log'
[3.466s] Invoked command in '/home/zuiken/Documents/ROS2_Navigation2_test/ros2_ws/src/base_driver' returned '0': DEBUGINFOD_URLS=https://debuginfod.ubuntu.com PYTHONPATH=/home/zuiken/Documents/ROS2_Navigation2_test/ros2_ws/src/build/base_driver/prefix_override:/usr/lib/python3/dist-packages/colcon_core/task/python/colcon_distutils_commands:/home/zuiken/Documents/ROS2_Navigation2_test/ros2_ws/src/install/base_driver/lib/python3.12/site-packages:${PYTHONPATH} /usr/bin/python3 -W ignore:setup.py install is deprecated -W ignore:easy_install command is deprecated setup.py egg_info --egg-base ../build/base_driver build --build-base /home/zuiken/Documents/ROS2_Navigation2_test/ros2_ws/src/build/base_driver/build install --record /home/zuiken/Documents/ROS2_Navigation2_test/ros2_ws/src/build/base_driver/install.log --single-version-externally-managed install_data
